// Jest Snapshot v1, https://goo.gl/fbAQLP

exports[`App snapshot test 1`] = `
<BrowserRouter>
  <div>
    <Route
      component={[Function]}
      exact={true}
      key="/"
      path="/"
    />
    <Route
      component={[Function]}
      exact={true}
      key="/login"
      path="/login"
    />
  </div>
</BrowserRouter>
`;
